// Jest Snapshot v1, https://goo.gl/fbAQLP

exports[`Sitemap Can generate a 'sitemap' with external links. 1`] = `"<?xml version=\\"1.0\\" encoding=\\"UTF-8\\"?><urlset xmlns=\\"http://www.sitemaps.org/schemas/sitemap/0.9\\" xmlns:xsi=\\"http://www.w3.org/2001/XMLSchema-instance\\" xmlns:image=\\"http://www.google.com/schemas/sitemap-image/1.1\\"><url><loc>https://example.com/foo</loc><changefreq>weekly</changefreq></url><url><loc>https://example.com/bar</loc><changefreq>weekly</changefreq></url><url><loc>https://test.com/bar</loc><changefreq>weekly</changefreq></url></urlset>"`;

exports[`Sitemap Can generate a valid Sitemap 1`] = `"<?xml version=\\"1.0\\" encoding=\\"UTF-8\\"?><urlset xmlns=\\"http://www.sitemaps.org/schemas/sitemap/0.9\\" xmlns:xsi=\\"http://www.w3.org/2001/XMLSchema-instance\\" xmlns:image=\\"http://www.google.com/schemas/sitemap-image/1.1\\"><url><loc>https://example.com/foo</loc><changefreq>weekly</changefreq></url><url><loc>https://example.com/bar</loc><changefreq>weekly</changefreq></url></urlset>"`;
